ok    T1 direct Monte Carlo p_3 = 0.012586 +- 0.000011
ok    T2 simplex form p_3 = 0.0125721 +- 2.9e-06, 16 trees
ok    T3 constants C_2 = 0.564189583548, C_3 = 1.273239544735, T_2 = 0.443113462726
ok    T4 Zare's polytope 0.018508 +- 0.000030 vs 1/54 = 0.018519; 54 p_3 = 0.6790
ok    T5 p_4 = 1.0580e-04 +- 4.6e-08, 125 trees
ok    T6 any order: 0.06523 +- 0.00055 vs 0.0652818

ALL CHECKS PASS

--- mutant no_volume
FAIL  T1 direct Monte Carlo p_3 = 0.018484 +- 0.000030
ok    T2 simplex form p_3 = 0.0125781 +- 5.7e-06, 16 trees
ok    T3 constants C_2 = 0.564189583548, C_3 = 1.273239544735, T_2 = 0.443113462726
ok    T4 Zare's polytope 0.018584 +- 0.000068 vs 1/54 = 0.018519; 54 p_3 = 0.6790
ok    T5 p_4 = 1.0604e-04 +- 9.3e-08, 125 trees
ok    T6 any order: 0.07180 +- 0.00183 vs 0.0652818

--- mutant cycles_as_trees
ok    T1 direct Monte Carlo p_3 = 0.012556 +- 0.000025
FAIL  T2 simplex form p_3 = 0.0077948 +- 3.2e-06, 16 trees
ok    T3 constants C_2 = 0.564189583548, C_3 = 1.273239544735, T_2 = 0.443113462726
ok    T4 Zare's polytope 0.018584 +- 0.000068 vs 1/54 = 0.018519; 54 p_3 = 0.6790
FAIL  T5 p_4 = 2.7189e-05 +- 2.3e-08, 125 trees
ok    T6 any order: 0.06360 +- 0.00173 vs 0.0652818

--- mutant wrong_gamma
ok    T1 direct Monte Carlo p_3 = 0.012556 +- 0.000025
FAIL  T2 simplex form p_3 = 0.0222940 +- 1.0e-05, 16 trees
FAIL  T3 constants C_2 = 1.128379167096, C_3 = 2.256758334191, T_2 = 0.443113462726
ok    T4 Zare's polytope 0.018584 +- 0.000068 vs 1/54 = 0.018519; 54 p_3 = 0.6790
FAIL  T5 p_4 = 1.4139e-04 +- 1.2e-07, 125 trees
ok    T6 any order: 0.06360 +- 0.00173 vs 0.0652818

mutants killed: 3/3
