class0: REALIZABLE calls=1 0.0s types=KKKKKK pos=[(0, 0), (1, 1), (1, 0), (3, -3), (3, -2), (4, -2)] arcs=[(0, 1), (0, 2), (1, 0), (1, 2), (2, 0), (2, 1), (3, 4), (3, 5), (4, 3), (4, 5), (5, 3), (5, 4)]
class1: REALIZABLE calls=1 0.0s types=KKRKRK pos=[(0, 0), (1, 0), (0, -1), (4, -1), (3, 0), (4, 0)] arcs=[(0, 1), (0, 2), (1, 0), (1, 2), (2, 0), (2, 3), (3, 4), (3, 5), (4, 1), (4, 5), (5, 3), (5, 4)]
class2: REALIZABLE calls=12 0.5s types=KKNQQQ pos=[(0, 0), (0, -1), (-1, 0), (-2, 2), (-3, -1), (-6, 2)] arcs=[(0, 1), (0, 2), (1, 0), (1, 2), (2, 3), (2, 4), (3, 0), (3, 5), (4, 1), (4, 5), (5, 3), (5, 4)]
class3=q: NONE calls=240 10.9s types=None pos=None arcs=[(0, 1), (0, 2), (1, 0), (1, 2), (2, 3), (2, 4), (3, 0), (3, 5), (4, 3), (4, 5), (5, 1), (5, 4)]
class4: REALIZABLE calls=27 0.9s types=KKNKKN pos=[(0, 0), (-1, -1), (0, -1), (1, -3), (2, -2), (1, -2)] arcs=[(0, 1), (0, 2), (1, 0), (1, 2), (2, 3), (2, 4), (3, 4), (3, 5), (4, 3), (4, 5), (5, 0), (5, 1)]
class5: REALIZABLE calls=5 0.2s types=KKKNQQ pos=[(0, 0), (-1, 1), (1, 1), (0, 2), (-1, 4), (1, 4)] arcs=[(0, 1), (0, 2), (1, 0), (1, 3), (2, 0), (2, 3), (3, 4), (3, 5), (4, 1), (4, 5), (5, 2), (5, 4)]
class6: REALIZABLE calls=1 0.0s types=KKKKKK pos=[(0, 0), (1, -1), (1, 1), (2, -1), (2, 1), (3, 0)] arcs=[(0, 1), (0, 2), (1, 0), (1, 3), (2, 0), (2, 4), (3, 1), (3, 5), (4, 2), (4, 5), (5, 3), (5, 4)]
class7: REALIZABLE calls=21 0.8s types=KKRRBB pos=[(0, 0), (-1, -1), (0, 1), (-2, -1), (-4, 1), (-2, 3)] arcs=[(0, 1), (0, 2), (1, 0), (1, 3), (2, 0), (2, 4), (3, 1), (3, 5), (4, 3), (4, 5), (5, 2), (5, 4)]
class8: REALIZABLE calls=6 0.2s types=KKKRBQ pos=[(0, 0), (0, 1), (1, -1), (1, 2), (2, -1), (5, 2)] arcs=[(0, 1), (0, 2), (1, 0), (1, 3), (2, 0), (2, 4), (3, 2), (3, 5), (4, 1), (4, 5), (5, 3), (5, 4)]
class9: REALIZABLE calls=64 2.6s types=KRRNKQ pos=[(0, 0), (0, 1), (1, 0), (0, 2), (1, 3), (2, 3)] arcs=[(0, 1), (0, 2), (1, 0), (1, 3), (2, 0), (2, 4), (3, 2), (3, 5), (4, 3), (4, 5), (5, 1), (5, 4)]
class10: REALIZABLE calls=30 1.1s types=KQNKBB pos=[(0, 0), (-1, 0), (1, -1), (-1, -2), (-2, -2), (-1, -3)] arcs=[(0, 1), (0, 2), (1, 0), (1, 3), (2, 1), (2, 3), (3, 4), (3, 5), (4, 0), (4, 5), (5, 2), (5, 4)]
class11: REALIZABLE calls=1 0.0s types=KKRRKK pos=[(0, 0), (-1, 1), (-1, -1), (-2, 0), (-3, -1), (-2, -2)] arcs=[(0, 1), (0, 2), (1, 0), (1, 3), (2, 1), (2, 4), (3, 0), (3, 5), (4, 3), (4, 5), (5, 2), (5, 4)]
class12: REALIZABLE calls=121 6.9s types=RRBNRQ pos=[(0, 0), (2, 0), (0, 2), (2, 3), (2, 4), (4, 4)] arcs=[(0, 1), (0, 2), (1, 0), (1, 3), (2, 1), (2, 4), (3, 2), (3, 5), (4, 3), (4, 5), (5, 0), (5, 4)]
class13: REALIZABLE calls=27 1.2s types=KQNKNQ pos=[(0, 0), (1, 0), (-1, 1), (1, 3), (0, 3), (2, 2)] arcs=[(0, 1), (0, 2), (1, 0), (1, 3), (2, 1), (2, 4), (3, 4), (3, 5), (4, 2), (4, 5), (5, 0), (5, 3)]
class14: REALIZABLE calls=19 0.9s types=KQRRNN pos=[(0, 0), (-1, 0), (1, 1), (1, 2), (2, 1), (0, 2)] arcs=[(0, 1), (0, 2), (1, 0), (1, 3), (2, 3), (2, 4), (3, 2), (3, 5), (4, 0), (4, 5), (5, 1), (5, 4)]
class15: NONE calls=309 15.9s types=None pos=None arcs=[(0, 1), (0, 2), (1, 0), (1, 3), (2, 3), (2, 4), (3, 2), (3, 5), (4, 1), (4, 5), (5, 0), (5, 4)]
class16=r: NONE calls=60 2.3s types=None pos=None arcs=[(0, 1), (0, 2), (1, 0), (1, 3), (2, 3), (2, 4), (3, 4), (3, 5), (4, 0), (4, 5), (5, 1), (5, 2)]
class17=s: NONE calls=60 2.4s types=None pos=None arcs=[(0, 1), (0, 2), (1, 0), (1, 3), (2, 3), (2, 4), (3, 4), (3, 5), (4, 1), (4, 5), (5, 0), (5, 2)]
class18: REALIZABLE calls=8 0.3s types=KKBNNQ pos=[(0, 0), (0, 1), (0, -1), (0, 2), (2, 1), (-2, 1)] arcs=[(0, 1), (0, 2), (1, 0), (1, 3), (2, 4), (2, 5), (3, 4), (3, 5), (4, 0), (4, 3), (5, 1), (5, 2)]
class19: REALIZABLE calls=48 2.0s types=RNBRNB pos=[(0, 0), (0, -2), (1, 0), (2, -1), (2, 1), (1, -1)] arcs=[(0, 1), (0, 2), (1, 2), (1, 3), (2, 3), (2, 4), (3, 4), (3, 5), (4, 0), (4, 5), (5, 0), (5, 1)]
class20: REALIZABLE calls=8 0.3s types=KRNNRK pos=[(0, 0), (1, -1), (1, 0), (2, -1), (0, -2), (2, -2)] arcs=[(0, 1), (0, 2), (1, 2), (1, 3), (2, 4), (2, 5), (3, 0), (3, 4), (4, 0), (4, 5), (5, 1), (5, 3)]
class21: REALIZABLE calls=25 1.3s types=KNRRBN pos=[(0, 0), (0, -1), (1, 1), (2, 0), (2, 1), (1, 2)] arcs=[(0, 1), (0, 2), (1, 2), (1, 3), (2, 4), (2, 5), (3, 0), (3, 4), (4, 1), (4, 5), (5, 0), (5, 3)]
class22: REALIZABLE calls=9 0.4s types=KRBNNQ pos=[(0, 0), (1, -1), (0, 1), (1, 2), (2, -1), (3, 1)] arcs=[(0, 1), (0, 2), (1, 3), (1, 4), (2, 3), (2, 4), (3, 0), (3, 5), (4, 0), (4, 5), (5, 1), (5, 2)]
