class0: REALIZABLE (checked) KQQQQK [(0, 0), (-1, -1), (1, -1), (-4, 1), (-2, 1), (-3, 2)] 0.1s
class1: REALIZABLE (checked) QKRKRQ [(0, 0), (1, 1), (2, 0), (5, 0), (4, 1), (6, 1)] 0.2s
class2: REALIZABLE (checked) QQRNNN [(0, 0), (-4, 0), (-2, 2), (1, 2), (-3, 2), (-1, 3)] 0.2s
class3: NONE 1.0s
class4: REALIZABLE (checked) BQNQBN [(0, 0), (-3, 3), (3, 3), (4, 1), (1, 4), (-2, 1)] 0.2s
class5: REALIZABLE (checked) QQQKNN [(0, 0), (2, 2), (7, 0), (5, 2), (4, 3), (6, 2)] 0.5s
class6: REALIZABLE (checked) KKBRBQ [(0, 0), (-1, 0), (1, -1), (-2, 0), (-3, -5), (-8, 0)] 0.1s
class7: REALIZABLE (checked) KQBBNN [(0, 0), (1, 0), (-1, 1), (-2, 3), (-4, 4), (-3, 2)] 0.2s
class8: REALIZABLE (checked) NNNQQB [(0, 0), (-2, -1), (1, -2), (-4, -2), (3, -1), (-1, -5)] 0.2s
class9: REALIZABLE (checked) QBQNRR [(0, 0), (4, 4), (5, 0), (6, 2), (7, 2), (7, 4)] 0.7s
class10: REALIZABLE (checked) KRNKBB [(0, 0), (-1, 0), (1, -1), (-1, -2), (-2, -2), (-1, -3)] 0.7s
class11: REALIZABLE (checked) KQNNKQ [(0, 0), (1, -1), (-1, 0), (-2, -1), (-3, -1), (-4, 0)] 0.1s
class12: REALIZABLE (checked) RRBNRQ [(0, 0), (2, 0), (0, 2), (2, 3), (2, 4), (4, 4)] 1.2s
class13: REALIZABLE (checked) NNQKRB [(0, 0), (-1, -2), (2, 1), (-2, 0), (-1, 1), (-1, -1)] 1.1s
class14: REALIZABLE (checked) QQRKNN [(0, 0), (-5, 0), (-2, 2), (-3, 2), (-1, 2), (-3, 1)] 0.5s
class15: NONE 2.2s
class16: NONE 1.7s
class17: NONE 1.9s
class18: REALIZABLE (checked) RQNRQN [(0, 0), (-1, 0), (3, 0), (1, 2), (2, 2), (1, -1)] 0.7s
class19: REALIZABLE (checked) NBRNBR [(0, 0), (-2, -1), (-1, -2), (-3, -2), (-1, -1), (-2, 0)] 0.5s
class20: REALIZABLE (checked) NBRRBN [(0, 0), (-2, -1), (-1, -2), (-1, 0), (-1, -1), (0, -2)] 0.8s
class21: REALIZABLE (checked) NRKBNR [(0, 0), (-2, -1), (-2, 1), (-1, -1), (-3, 1), (-1, 0)] 0.7s
class22: REALIZABLE (checked) NKQRBN [(0, 0), (-2, -1), (-1, 2), (-3, 0), (-1, -1), (-3, 1)] 0.6s
